// Jest Snapshot v1, https://goo.gl/fbAQLP

exports[`MovieDetail Component snapshots MovieDetail props 1`] = `
<Fragment>
  <div
    className="loading-mask"
  />
</Fragment>
`;
