// Jest Snapshot v1, https://goo.gl/fbAQLP

exports[`Header Component snapshots Header props 1`] = `
<ContextConsumer>
  <Component />
</ContextConsumer>
`;
