// Jest Snapshot v1, https://goo.gl/fbAQLP

exports[`Category Component snapshots Category props 1`] = `
<Fragment>
  <div
    className="loading-mask"
  />
</Fragment>
`;
